STRING,NUMBER,DATE,FUNCTION
hello,10.25,01/01/2001,10
hello,10.25,01/01/2001,10
hello,10.25,01/01/2001,10
hello,10.25,01/01/2001,10
hello,10.25,01/01/2001,10
hello,10.25,01/01/2001,10
hello,10.25,01/01/2001,10
hello,10.25,01/01/2001,10
hello,10.25,01/01/2001,10
hello,10.25,01/01/2001,10
hello,10.25,01/01/2001,10
hello,10.25,01/01/2001,10
hello,10.25,01/01/2001,10
hello,10.25,01/01/2001,10
hello,10.25,01/01/2001,10
